Name     birthday month    first_nested     second_nested      Age      
Tom      12                234-0934         2340-234234        28.12    
Jerry    3                 aflfafe-afjlk    falj-fjlkjlkadf    36.22    
